******************************************************************************
                  TI ARM Linker PC v16.9.3                     
******************************************************************************
>> Linked Sat Oct 19 13:36:04 2019

OUTPUT FILE NAME:   <lab5.out>
ENTRY POINT SYMBOL: "_c_int00"  address: 00000691


MEMORY CONFIGURATION

         name            origin    length      used     unused   attr    fill
----------------------  --------  ---------  --------  --------  ----  --------
  FLASH                 00000000   00040000  00000870  0003f790  R  X
  SRAM                  20000000   00008000  0000007c  00007f84  RW X


SEGMENT ALLOCATION MAP

run origin  load origin   length   init length attrs members
----------  ----------- ---------- ----------- ----- -------
00000000    00000000    00000874   00000874    r-x
  00000000    00000000    0000026c   0000026c    r-- .intvecs
  0000026c    0000026c    000005e0   000005e0    r-x .text
  00000850    00000850    00000024   00000024    r-- .cinit
20000000    20000000    0000007c   00000000    rw-
  20000000    20000000    00000064   00000000    rw- .stack
  20000064    20000064    00000018   00000000    rw- .data


SECTION ALLOCATION MAP

 output                                  attributes/
section   page    origin      length       input sections
--------  ----  ----------  ----------   ----------------
.intvecs   0    00000000    0000026c     
                  00000000    0000026c     tm4c123gh6pm_startup_ccs_task1.obj (.intvecs)

.text      0    0000026c    000005e0     
                  0000026c    0000017c     task01.obj (.text)
                  000003e8    00000132     driverlib.lib : gpio.obj (.text:GPIOPadConfigSet)
                  0000051a    0000009c     rtsv7M4_T_le_v4SPD16_eabi.lib : memcpy_t2.obj (.text)
                  000005b6    00000002                                   : mpu_init.obj (.text)
                  000005b8    00000070                                   : autoinit.obj (.text)
                  00000628    00000068                                   : copy_decompress_lzss.obj (.text:decompress:lzss)
                  00000690    00000054                                   : boot.obj (.text)
                  000006e4    00000054                                   : exit.obj (.text)
                  00000738    0000004c                                   : cpy_tbl.obj (.text)
                  00000784    00000034     driverlib.lib : sysctl.obj (.text:SysCtlPeripheralEnable)
                  000007b8    0000002a                   : gpio.obj (.text:GPIODirModeSet)
                  000007e2    00000018                   : gpio.obj (.text:GPIOPinTypeGPIOOutput)
                  000007fa    00000002     rtsv7M4_T_le_v4SPD16_eabi.lib : startup.obj (.text)
                  000007fc    00000018                                   : args_main.obj (.text)
                  00000814    00000014                                   : _lock.obj (.text)
                  00000828    0000000e                                   : copy_decompress_none.obj (.text:decompress:none)
                  00000836    0000000c     tm4c123gh6pm_startup_ccs_task1.obj (.text)
                  00000842    00000006     driverlib.lib : gpio.obj (.text:GPIOPinWrite)
                  00000848    00000004     rtsv7M4_T_le_v4SPD16_eabi.lib : pre_init.obj (.text)

.cinit     0    00000850    00000024     
                  00000850    00000011     (.cinit..data.load) [load image, compression = lzss]
                  00000861    00000003     --HOLE-- [fill = 0]
                  00000864    00000008     (__TI_handler_table)
                  0000086c    00000008     (__TI_cinit_table)

.init_array 
*          0    00000000    00000000     UNINITIALIZED

.stack     0    20000000    00000064     UNINITIALIZED
                  20000000    00000064     --HOLE--

.data      0    20000064    00000018     UNINITIALIZED
                  20000064    0000000c     rtsv7M4_T_le_v4SPD16_eabi.lib : exit.obj (.data:$O1$$)
                  20000070    00000008                                   : _lock.obj (.data:$O1$$)
                  20000078    00000004                                   : stkdepth_vars.obj (.data)

MODULE SUMMARY

       Module                               code   ro data   rw data
       ------                               ----   -------   -------
    .\
       tm4c123gh6pm_startup_ccs_task1.obj   12     620       0      
       task01.obj                           380    0         0      
    +--+------------------------------------+------+---------+---------+
       Total:                               392    620       0      
                                                                    
    C:/ti/tivaware_c_series_2_1_4_178/driverlib/ccs/Debug/driverlib.lib
       gpio.obj                             378    0         0      
       sysctl.obj                           52     0         0      
    +--+------------------------------------+------+---------+---------+
       Total:                               430    0         0      
                                                                    
    C:\ti\ccsv7\tools\compiler\ti-cgt-arm_16.9.3.LTS\lib\rtsv7M4_T_le_v4SPD16_eabi.lib
       memcpy_t2.obj                        156    0         0      
       autoinit.obj                         112    0         0      
       copy_decompress_lzss.obj             104    0         0      
       exit.obj                             84     0         12     
       boot.obj                             84     0         0      
       cpy_tbl.obj                          76     0         0      
       _lock.obj                            20     0         8      
       args_main.obj                        24     0         0      
       copy_decompress_none.obj             14     0         0      
       pre_init.obj                         4      0         0      
       stkdepth_vars.obj                    0      0         4      
       mpu_init.obj                         2      0         0      
       startup.obj                          2      0         0      
    +--+------------------------------------+------+---------+---------+
       Total:                               682    0         24     
                                                                    
       Stack:                               0      0         100    
       Linker Generated:                    0      33        0      
    +--+------------------------------------+------+---------+---------+
       Grand Total:                         1504   653       124    


LINKER GENERATED COPY TABLES

__TI_cinit_table @ 0000086c records: 1, size/record: 8, table size: 8
	.data: load addr=00000850, load size=00000011 bytes, run addr=20000064, run size=00000018 bytes, compression=lzss


LINKER GENERATED HANDLER TABLE

__TI_handler_table @ 00000864 records: 2, size/record: 4, table size: 8
	index: 0, handler: __TI_decompress_lzss
	index: 1, handler: __TI_decompress_none


GLOBAL SYMBOLS: SORTED ALPHABETICALLY BY Name 

address   name                           
-------   ----                           
000006e5  C$$EXIT                        
000007b9  GPIODirModeSet                 
000003e9  GPIOPadConfigSet               
000007e3  GPIOPinTypeGPIOOutput          
00000843  GPIOPinWrite                   
00000837  ResetISR                       
UNDEFED   SHT$$INIT_ARRAY$$Base          
UNDEFED   SHT$$INIT_ARRAY$$Limit         
00000785  SysCtlPeripheralEnable         
UNDEFED   UARTprintf                     
20000064  __STACK_END                    
00000064  __STACK_SIZE                   
20000200  __STACK_TOP                    
0000086c  __TI_CINIT_Base                
00000874  __TI_CINIT_Limit               
00000864  __TI_Handler_Table_Base        
0000086c  __TI_Handler_Table_Limit       
000005b9  __TI_auto_init                 
20000064  __TI_cleanup_ptr               
00000629  __TI_decompress_lzss           
00000829  __TI_decompress_none           
20000068  __TI_dtors_ptr                 
2000006c  __TI_enable_exit_profile_output
ffffffff  __TI_pprof_out_hndl            
ffffffff  __TI_prof_data_size            
ffffffff  __TI_prof_data_start           
00000000  __TI_static_base__             
0000051b  __aeabi_memcpy                 
0000051b  __aeabi_memcpy4                
0000051b  __aeabi_memcpy8                
ffffffff  __binit__                      
ffffffff  __c_args__                     
000005b7  __mpu_init                     
20000000  __stack                        
000007fd  _args_main                     
00000691  _c_int00                       
20000070  _lock                          
00000823  _nop                           
0000081b  _register_lock                 
00000815  _register_unlock               
000007fb  _system_post_cinit             
00000849  _system_pre_init               
20000074  _unlock                        
000006e9  abort                          
ffffffff  binit                          
00000739  copy_in                        
000006f1  exit                           
00000000  g_pfnVectors                   
00000279  main                           
20000078  main_func_sp                   
0000051b  memcpy                         
0000026d  void__error__                  


GLOBAL SYMBOLS: SORTED BY Symbol Address 

address   name                           
-------   ----                           
00000000  __TI_static_base__             
00000000  g_pfnVectors                   
00000064  __STACK_SIZE                   
0000026d  void__error__                  
00000279  main                           
000003e9  GPIOPadConfigSet               
0000051b  __aeabi_memcpy                 
0000051b  __aeabi_memcpy4                
0000051b  __aeabi_memcpy8                
0000051b  memcpy                         
000005b7  __mpu_init                     
000005b9  __TI_auto_init                 
00000629  __TI_decompress_lzss           
00000691  _c_int00                       
000006e5  C$$EXIT                        
000006e9  abort                          
000006f1  exit                           
00000739  copy_in                        
00000785  SysCtlPeripheralEnable         
000007b9  GPIODirModeSet                 
000007e3  GPIOPinTypeGPIOOutput          
000007fb  _system_post_cinit             
000007fd  _args_main                     
00000815  _register_unlock               
0000081b  _register_lock                 
00000823  _nop                           
00000829  __TI_decompress_none           
00000837  ResetISR                       
00000843  GPIOPinWrite                   
00000849  _system_pre_init               
00000864  __TI_Handler_Table_Base        
0000086c  __TI_CINIT_Base                
0000086c  __TI_Handler_Table_Limit       
00000874  __TI_CINIT_Limit               
20000000  __stack                        
20000064  __STACK_END                    
20000064  __TI_cleanup_ptr               
20000068  __TI_dtors_ptr                 
2000006c  __TI_enable_exit_profile_output
20000070  _lock                          
20000074  _unlock                        
20000078  main_func_sp                   
20000200  __STACK_TOP                    
ffffffff  __TI_pprof_out_hndl            
ffffffff  __TI_prof_data_size            
ffffffff  __TI_prof_data_start           
ffffffff  __binit__                      
ffffffff  __c_args__                     
ffffffff  binit                          
UNDEFED   SHT$$INIT_ARRAY$$Base          
UNDEFED   SHT$$INIT_ARRAY$$Limit         
UNDEFED   UARTprintf                     

[52 symbols]
