******************************************************************************
                  TI ARM Linker PC v16.9.3                     
******************************************************************************
>> Linked Thu Oct 31 15:52:04 2019

OUTPUT FILE NAME:   <midterm.out>
ENTRY POINT SYMBOL: "_c_int00"  address: 00004699


MEMORY CONFIGURATION

         name            origin    length      used     unused   attr    fill
----------------------  --------  ---------  --------  --------  ----  --------
  FLASH                 00000000   00040000  00004e26  0003b1da  R  X
  SRAM                  20000000   00008000  00000349  00007cb7  RW X


SEGMENT ALLOCATION MAP

run origin  load origin   length   init length attrs members
----------  ----------- ---------- ----------- ----- -------
00000000    00000000    00004e30   00004e30    r-x
  00000000    00000000    0000026c   0000026c    r-- .intvecs
  0000026c    0000026c    0000492e   0000492e    r-x .text
  00004ba0    00004ba0    00000254   00000254    r-- .const
  00004df8    00004df8    00000038   00000038    r-- .cinit
20000000    20000000    0000034c   00000000    rw-
  20000000    20000000    00000200   00000000    rw- .stack
  20000200    20000200    00000125   00000000    rw- .bss
  20000328    20000328    00000024   00000000    rw- .data


SECTION ALLOCATION MAP

 output                                  attributes/
section   page    origin      length       input sections
--------  ----  ----------  ----------   ----------------
.intvecs   0    00000000    0000026c     
                  00000000    0000026c     tm4c123gh6pm_startup_ccs.obj (.intvecs)

.text      0    0000026c    0000492e     
                  0000026c    000012fc     task03_04.obj (.text)
                  00001568    00000c00     IQmathLib.lib : IQtables.obj (.text:atan2PU_table)
                  00002168    00000800                   : IQtables.obj (.text:div_table)
                  00002968    000005b0     mpu6050.obj (.text)
                  00002f18    0000049c     uartstdio.obj (.text)
                  000033b4    000002ec     rtsv7M4_T_le_v4SPD16_eabi.lib : s_atan.obj (.text)
                  000036a0    000001ec                                   : e_atan2.obj (.text)
                  0000388c    000001b6                                   : fd_add_t2.obj (.text)
                  00003a42    00000002                                   : i_div0.obj (.text)
                  00003a44    00000170                                   : e_sqrt.obj (.text)
                  00003bb4    00000136                                   : fd_div_t2.obj (.text)
                  00003cea    00000132     driverlib.lib : gpio.obj (.text:GPIOPadConfigSet)
                  00003e1c    00000110                   : sysctl.obj (.text:SysCtlClockGet)
                  00003f2c    000000fc     rtsv7M4_T_le_v4SPD16_eabi.lib : fd_mul_t2.obj (.text)
                  00004028    000000f4     driverlib.lib : sysctl.obj (.text:SysCtlClockSet)
                  0000411c    000000d4     IQmathLib.lib : IQNatan2.obj (.text:_IQ16atan2)
                  000041f0    0000009c     rtsv7M4_T_le_v4SPD16_eabi.lib : memcpy_t2.obj (.text)
                  0000428c    00000090     IQmathLib.lib : IQNdiv.obj (.text:_IQ16div)
                  0000431c    00000086     rtsv7M4_T_le_v4SPD16_eabi.lib : fd_cmp_t2.obj (.text:__aeabi_cdrcmple)
                  000043a2    0000007a                                   : memset_t2.obj (.text)
                  0000441c    00000070                                   : autoinit.obj (.text)
                  0000448c    0000006e                                   : fd_tos_t2.obj (.text)
                  000044fa    00000002                                   : mpu_init.obj (.text)
                  000044fc    00000068     driverlib.lib : interrupt.obj (.text:IntDisable)
                  00004564    00000068                   : interrupt.obj (.text:IntEnable)
                  000045cc    00000068     rtsv7M4_T_le_v4SPD16_eabi.lib : copy_decompress_lzss.obj (.text:decompress:lzss)
                  00004634    00000064     driverlib.lib : interrupt.obj (.text:IntIsEnabled)
                  00004698    00000054     rtsv7M4_T_le_v4SPD16_eabi.lib : boot.obj (.text)
                  000046ec    00000054                                   : exit.obj (.text)
                  00004740    00000050     driverlib.lib : sysctl.obj (.text:SysCtlPeripheralReset)
                  00004790    0000004c                   : i2c.obj (.text:I2CMasterInitExpClk)
                  000047dc    0000004c     rtsv7M4_T_le_v4SPD16_eabi.lib : cpy_tbl.obj (.text)
                  00004828    00000048     driverlib.lib : gpio.obj (.text:GPIOPinConfigure)
                  00004870    00000046                   : uart.obj (.text:UARTConfigSetExpClk)
                  000048b6    00000040     rtsv7M4_T_le_v4SPD16_eabi.lib : u_divt2.obj (.text)
                  000048f6    00000002                                   : startup.obj (.text)
                  000048f8    00000038     driverlib.lib : sysctl.obj (.text:SysCtlPeripheralPresent)
                  00004930    00000038     rtsv7M4_T_le_v4SPD16_eabi.lib : fs_tod_t2.obj (.text)
                  00004968    00000036     mpu6050.obj (.text:I2CMRead)
                  0000499e    00000036     mpu6050.obj (.text:I2CMWrite)
                  000049d4    00000036     mpu6050.obj (.text:I2CMWriteBatched)
                  00004a0a    00000002     --HOLE-- [fill = 0]
                  00004a0c    00000034     driverlib.lib : sysctl.obj (.text:SysCtlPeripheralEnable)
                  00004a40    0000002a                   : gpio.obj (.text:GPIODirModeSet)
                  00004a6a    00000002     --HOLE-- [fill = 0]
                  00004a6c    00000020                   : uart.obj (.text:UARTDisable)
                  00004a8c    00000018     rtsv7M4_T_le_v4SPD16_eabi.lib : args_main.obj (.text)
                  00004aa4    00000014     driverlib.lib : uart.obj (.text:UARTEnable)
                  00004ab8    00000014     rtsv7M4_T_le_v4SPD16_eabi.lib : _lock.obj (.text)
                  00004acc    00000012     driverlib.lib : gpio.obj (.text:GPIOPinTypeI2C)
                  00004ade    00000012                   : gpio.obj (.text:GPIOPinTypeI2CSCL)
                  00004af0    00000012                   : gpio.obj (.text:GPIOPinTypeUART)
                  00004b02    00000002     --HOLE-- [fill = 0]
                  00004b04    00000010     IQmathLib.lib : IQNmpy.obj (.text:_IQ16mpy)
                  00004b14    0000000e     rtsv7M4_T_le_v4SPD16_eabi.lib : copy_decompress_none.obj (.text:decompress:none)
                  00004b22    00000002     --HOLE-- [fill = 0]
                  00004b24    0000000c     driverlib.lib : interrupt.obj (.text:IntTrigger)
                  00004b30    0000000c     rtsv7M4_T_le_v4SPD16_eabi.lib : copy_zero_init.obj (.text:decompress:ZI)
                  00004b3c    0000000c     tm4c123gh6pm_startup_ccs.obj (.text)
                  00004b48    0000000a     driverlib.lib : i2c.obj (.text:I2CMasterEnable)
                  00004b52    0000000a                   : uart.obj (.text:UARTCharGet)
                  00004b5c    0000000a                   : uart.obj (.text:UARTCharPut)
                  00004b66    00000008                   : i2c.obj (.text:I2CMasterIntClear)
                  00004b6e    00000008                   : i2c.obj (.text:I2CMasterIntEnableEx)
                  00004b76    00000008                   : i2c.obj (.text:I2CMasterSlaveAddrSet)
                  00004b7e    00000006                   : sysctl.obj (.text:SysCtlDelay)
                  00004b84    00000006                   : uart.obj (.text:UARTClockSourceSet)
                  00004b8a    00000004                   : i2c.obj (.text:I2CMasterControl)
                  00004b8e    00000004                   : i2c.obj (.text:I2CMasterDataGet)
                  00004b92    00000004                   : i2c.obj (.text:I2CMasterDataPut)
                  00004b96    00000004     rtsv7M4_T_le_v4SPD16_eabi.lib : pre_init.obj (.text)

.const     0    00004ba0    00000254     
                  00004ba0    00000098     rtsv7M4_T_le_v4SPD16_eabi.lib : s_atan.obj (.const:$O1$$)
                  00004c38    00000090     driverlib.lib : gpio.obj (.const:g_pui32GPIOBaseAddrs)
                  00004cc8    00000070                   : interrupt.obj (.const)
                  00004d38    0000006c                   : sysctl.obj (.const:g_pui32Xtals)
                  00004da4    00000012     uartstdio.obj (.const:.string)
                  00004db6    00000002     --HOLE-- [fill = 0]
                  00004db8    00000010     mpu6050.obj (.const:g_fMPU6050AccelFactors)
                  00004dc8    00000010     mpu6050.obj (.const:g_fMPU6050GyroFactors)
                  00004dd8    0000000c     uartstdio.obj (.const:g_ui32UARTBase)
                  00004de4    0000000c     uartstdio.obj (.const:g_ui32UARTPeriph)
                  00004df0    00000004     uartstdio.obj (.const)

.cinit     0    00004df8    00000038     
                  00004df8    00000011     (.cinit..data.load) [load image, compression = lzss]
                  00004e09    00000003     --HOLE-- [fill = 0]
                  00004e0c    0000000c     (__TI_handler_table)
                  00004e18    00000008     (.cinit..bss.load) [load image, compression = zero_init]
                  00004e20    00000010     (__TI_cinit_table)

.init_array 
*          0    00000000    00000000     UNINITIALIZED

.stack     0    20000000    00000200     UNINITIALIZED
                  20000000    00000200     --HOLE--

.bss       0    20000200    00000125     UNINITIALIZED
                  20000200    00000124     (.common:g_sI2CMInst)
                  20000324    00000001     (.common:g_bMPU6050Done)

.data      0    20000328    00000024     UNINITIALIZED
                  20000328    0000000c     rtsv7M4_T_le_v4SPD16_eabi.lib : exit.obj (.data:$O1$$)
                  20000334    00000008                                   : _lock.obj (.data:$O1$$)
                  2000033c    00000005     uartstdio.obj (.data)
                  20000341    00000003     --HOLE--
                  20000344    00000004     rtsv7M4_T_le_v4SPD16_eabi.lib : errno.obj (.data)
                  20000348    00000004                                   : stkdepth_vars.obj (.data)

MODULE SUMMARY

       Module                         code    ro data   rw data
       ------                         ----    -------   -------
    .\
       task03_04.obj                  4860    0         293    
       mpu6050.obj                    1618    32        0      
       uartstdio.obj                  1180    46        5      
       tm4c123gh6pm_startup_ccs.obj   12      620       0      
    +--+------------------------------+-------+---------+---------+
       Total:                         7670    698       298    
                                                               
    ../IQmathLib.lib
       IQtables.obj                   0       5120      0      
       IQNatan2.obj                   212     0         0      
       IQNdiv.obj                     144     0         0      
       IQNmpy.obj                     16      0         0      
    +--+------------------------------+-------+---------+---------+
       Total:                         372     5120      0      
                                                               
    C:/ti/tivaware_c_series_2_1_4_178/driverlib/ccs/Debug/driverlib.lib
       sysctl.obj                     710     108       0      
       gpio.obj                       474     144       0      
       interrupt.obj                  320     112       0      
       uart.obj                       148     0         0      
       i2c.obj                        122     0         0      
    +--+------------------------------+-------+---------+---------+
       Total:                         1774    364       0      
                                                               
    C:\ti\ccsv7\tools\compiler\ti-cgt-arm_16.9.3.LTS\lib\rtsv7M4_T_le_v4SPD16_eabi.lib
       s_atan.obj                     748     152       0      
       e_atan2.obj                    492     0         0      
       fd_add_t2.obj                  438     0         0      
       e_sqrt.obj                     368     0         0      
       fd_div_t2.obj                  310     0         0      
       fd_mul_t2.obj                  252     0         0      
       memcpy_t2.obj                  156     0         0      
       fd_cmp_t2.obj                  134     0         0      
       memset_t2.obj                  122     0         0      
       autoinit.obj                   112     0         0      
       fd_tos_t2.obj                  110     0         0      
       copy_decompress_lzss.obj       104     0         0      
       exit.obj                       84      0         12     
       boot.obj                       84      0         0      
       cpy_tbl.obj                    76      0         0      
       u_divt2.obj                    64      0         0      
       fs_tod_t2.obj                  56      0         0      
       _lock.obj                      20      0         8      
       args_main.obj                  24      0         0      
       copy_decompress_none.obj       14      0         0      
       copy_zero_init.obj             12      0         0      
       errno.obj                      0       0         4      
       pre_init.obj                   4       0         0      
       stkdepth_vars.obj              0       0         4      
       i_div0.obj                     2       0         0      
       mpu_init.obj                   2       0         0      
       startup.obj                    2       0         0      
    +--+------------------------------+-------+---------+---------+
       Total:                         3790    152       28     
                                                               
       Stack:                         0       0         512    
       Linker Generated:              0       53        0      
    +--+------------------------------+-------+---------+---------+
       Grand Total:                   13606   6387      838    


LINKER GENERATED COPY TABLES

__TI_cinit_table @ 00004e20 records: 2, size/record: 8, table size: 16
	.data: load addr=00004df8, load size=00000011 bytes, run addr=20000328, run size=00000024 bytes, compression=lzss
	.bss: load addr=00004e18, load size=00000008 bytes, run addr=20000200, run size=00000125 bytes, compression=zero_init


LINKER GENERATED HANDLER TABLE

__TI_handler_table @ 00004e0c records: 3, size/record: 4, table size: 12
	index: 0, handler: __TI_decompress_lzss
	index: 1, handler: __TI_decompress_none
	index: 2, handler: __TI_zero_init


GLOBAL SYMBOLS: SORTED ALPHABETICALLY BY Name 

address   name                           
-------   ----                           
000046ed  C$$EXIT                        
00000e6d  Complementary_Filter           
000013e5  ConfigUART                     
00004a41  GPIODirModeSet                 
00003ceb  GPIOPadConfigSet               
00004829  GPIOPinConfigure               
00004acd  GPIOPinTypeI2C                 
00004adf  GPIOPinTypeI2CSCL              
00004af1  GPIOPinTypeUART                
0000100f  I2CIntHandler                  
0000085d  I2CMCommand                    
00000807  I2CMInit                       
000006e9  I2CMIntHandler                 
00004969  I2CMRead                       
00000d21  I2CMRead16BE                   
00000b47  I2CMReadModifyWrite16LE        
000009ff  I2CMReadModifyWrite8           
00000929  I2CMTransferResume             
0000499f  I2CMWrite                      
00000de7  I2CMWrite16BE                  
00000c55  I2CMWrite8                     
000049d5  I2CMWriteBatched               
00004b8b  I2CMasterControl               
00004b8f  I2CMasterDataGet               
00004b93  I2CMasterDataPut               
00004b49  I2CMasterEnable                
00004791  I2CMasterInitExpClk            
00004b67  I2CMasterIntClear              
00004b6f  I2CMasterIntEnableEx           
00004b77  I2CMasterSlaveAddrSet          
00001385  InitI2C0                       
000044fd  IntDisable                     
00004565  IntEnable                      
00004635  IntIsEnabled                   
00004b25  IntTrigger                     
00002d99  MPU6050DataAccelGetFloat       
00002d4d  MPU6050DataAccelGetRaw         
00002e7d  MPU6050DataGyroGetFloat        
00002e2d  MPU6050DataGyroGetRaw          
00002ce9  MPU6050DataRead                
00001059  MPU6050Example                 
00002ad3  MPU6050Init                    
00002b55  MPU6050Read                    
00002c8b  MPU6050ReadModifyWrite         
00002bc1  MPU6050Write                   
00004b3d  ResetISR                       
UNDEFED   SHT$$INIT_ARRAY$$Base          
UNDEFED   SHT$$INIT_ARRAY$$Limit         
00003e1d  SysCtlClockGet                 
00004029  SysCtlClockSet                 
00004b7f  SysCtlDelay                    
00004a0d  SysCtlPeripheralEnable         
000048f9  SysCtlPeripheralPresent        
00004741  SysCtlPeripheralReset          
00004b53  UARTCharGet                    
00004b5d  UARTCharPut                    
00004b85  UARTClockSourceSet             
00004871  UARTConfigSetExpClk            
00004a6d  UARTDisable                    
00004aa5  UARTEnable                     
00002f19  UARTStdioConfig                
0000305f  UARTgetc                       
00002fa5  UARTgets                       
0000337f  UARTprintf                     
00003085  UARTvprintf                    
00002f5f  UARTwrite                      
0000411d  _IQ16atan2                     
0000428d  _IQ16div                       
00004b05  _IQ16mpy                       
20000200  __STACK_END                    
00000200  __STACK_SIZE                   
20000200  __STACK_TOP                    
00004e20  __TI_CINIT_Base                
00004e30  __TI_CINIT_Limit               
00004e0c  __TI_Handler_Table_Base        
00004e18  __TI_Handler_Table_Limit       
0000441d  __TI_auto_init                 
20000328  __TI_cleanup_ptr               
000045cd  __TI_decompress_lzss           
00004b15  __TI_decompress_none           
2000032c  __TI_dtors_ptr                 
20000330  __TI_enable_exit_profile_output
ffffffff  __TI_pprof_out_hndl            
ffffffff  __TI_prof_data_size            
ffffffff  __TI_prof_data_start           
00000000  __TI_static_base__             
00004b31  __TI_zero_init                 
0000431d  __aeabi_cdrcmple               
0000448d  __aeabi_d2f                    
00003897  __aeabi_dadd                   
00003bb5  __aeabi_ddiv                   
00003f2d  __aeabi_dmul                   
0000388d  __aeabi_dsub                   
00004931  __aeabi_f2d                    
00003a43  __aeabi_idiv0                  
000043a3  __aeabi_memclr                 
000043a3  __aeabi_memclr4                
000043a3  __aeabi_memclr8                
000041f1  __aeabi_memcpy                 
000041f1  __aeabi_memcpy4                
000041f1  __aeabi_memcpy8                
000043a5  __aeabi_memset                 
000043a5  __aeabi_memset4                
000043a5  __aeabi_memset8                
000048b7  __aeabi_uidiv                  
000048b7  __aeabi_uidivmod               
ffffffff  __binit__                      
ffffffff  __c_args__                     
000044fb  __mpu_init                     
20000000  __stack                        
00004a8d  _args_main                     
00004699  _c_int00                       
20000334  _lock                          
00004ac7  _nop                           
00004abf  _register_lock                 
00004ab9  _register_unlock               
000048f7  _system_post_cinit             
00004b97  _system_pre_init               
20000338  _unlock                        
000046f1  abort                          
000033b5  atan                           
000036a1  atan2                          
00001568  atan2PU_table                  
000036a1  atan2l                         
000033b5  atanl                          
ffffffff  binit                          
000047dd  copy_in                        
00002168  div_table                      
20000344  errno                          
000046f9  exit                           
20000324  g_bMPU6050Done                 
00000000  g_pfnVectors                   
20000200  g_sI2CMInst                    
00000e51  main                           
20000348  main_func_sp                   
000041f1  memcpy                         
000043ab  memset                         
00003a45  sqrt                           
00003a45  sqrtl                          


GLOBAL SYMBOLS: SORTED BY Symbol Address 

address   name                           
-------   ----                           
00000000  __TI_static_base__             
00000000  g_pfnVectors                   
00000200  __STACK_SIZE                   
000006e9  I2CMIntHandler                 
00000807  I2CMInit                       
0000085d  I2CMCommand                    
00000929  I2CMTransferResume             
000009ff  I2CMReadModifyWrite8           
00000b47  I2CMReadModifyWrite16LE        
00000c55  I2CMWrite8                     
00000d21  I2CMRead16BE                   
00000de7  I2CMWrite16BE                  
00000e51  main                           
00000e6d  Complementary_Filter           
0000100f  I2CIntHandler                  
00001059  MPU6050Example                 
00001385  InitI2C0                       
000013e5  ConfigUART                     
00001568  atan2PU_table                  
00002168  div_table                      
00002ad3  MPU6050Init                    
00002b55  MPU6050Read                    
00002bc1  MPU6050Write                   
00002c8b  MPU6050ReadModifyWrite         
00002ce9  MPU6050DataRead                
00002d4d  MPU6050DataAccelGetRaw         
00002d99  MPU6050DataAccelGetFloat       
00002e2d  MPU6050DataGyroGetRaw          
00002e7d  MPU6050DataGyroGetFloat        
00002f19  UARTStdioConfig                
00002f5f  UARTwrite                      
00002fa5  UARTgets                       
0000305f  UARTgetc                       
00003085  UARTvprintf                    
0000337f  UARTprintf                     
000033b5  atan                           
000033b5  atanl                          
000036a1  atan2                          
000036a1  atan2l                         
0000388d  __aeabi_dsub                   
00003897  __aeabi_dadd                   
00003a43  __aeabi_idiv0                  
00003a45  sqrt                           
00003a45  sqrtl                          
00003bb5  __aeabi_ddiv                   
00003ceb  GPIOPadConfigSet               
00003e1d  SysCtlClockGet                 
00003f2d  __aeabi_dmul                   
00004029  SysCtlClockSet                 
0000411d  _IQ16atan2                     
000041f1  __aeabi_memcpy                 
000041f1  __aeabi_memcpy4                
000041f1  __aeabi_memcpy8                
000041f1  memcpy                         
0000428d  _IQ16div                       
0000431d  __aeabi_cdrcmple               
000043a3  __aeabi_memclr                 
000043a3  __aeabi_memclr4                
000043a3  __aeabi_memclr8                
000043a5  __aeabi_memset                 
000043a5  __aeabi_memset4                
000043a5  __aeabi_memset8                
000043ab  memset                         
0000441d  __TI_auto_init                 
0000448d  __aeabi_d2f                    
000044fb  __mpu_init                     
000044fd  IntDisable                     
00004565  IntEnable                      
000045cd  __TI_decompress_lzss           
00004635  IntIsEnabled                   
00004699  _c_int00                       
000046ed  C$$EXIT                        
000046f1  abort                          
000046f9  exit                           
00004741  SysCtlPeripheralReset          
00004791  I2CMasterInitExpClk            
000047dd  copy_in                        
00004829  GPIOPinConfigure               
00004871  UARTConfigSetExpClk            
000048b7  __aeabi_uidiv                  
000048b7  __aeabi_uidivmod               
000048f7  _system_post_cinit             
000048f9  SysCtlPeripheralPresent        
00004931  __aeabi_f2d                    
00004969  I2CMRead                       
0000499f  I2CMWrite                      
000049d5  I2CMWriteBatched               
00004a0d  SysCtlPeripheralEnable         
00004a41  GPIODirModeSet                 
00004a6d  UARTDisable                    
00004a8d  _args_main                     
00004aa5  UARTEnable                     
00004ab9  _register_unlock               
00004abf  _register_lock                 
00004ac7  _nop                           
00004acd  GPIOPinTypeI2C                 
00004adf  GPIOPinTypeI2CSCL              
00004af1  GPIOPinTypeUART                
00004b05  _IQ16mpy                       
00004b15  __TI_decompress_none           
00004b25  IntTrigger                     
00004b31  __TI_zero_init                 
00004b3d  ResetISR                       
00004b49  I2CMasterEnable                
00004b53  UARTCharGet                    
00004b5d  UARTCharPut                    
00004b67  I2CMasterIntClear              
00004b6f  I2CMasterIntEnableEx           
00004b77  I2CMasterSlaveAddrSet          
00004b7f  SysCtlDelay                    
00004b85  UARTClockSourceSet             
00004b8b  I2CMasterControl               
00004b8f  I2CMasterDataGet               
00004b93  I2CMasterDataPut               
00004b97  _system_pre_init               
00004e0c  __TI_Handler_Table_Base        
00004e18  __TI_Handler_Table_Limit       
00004e20  __TI_CINIT_Base                
00004e30  __TI_CINIT_Limit               
20000000  __stack                        
20000200  __STACK_END                    
20000200  __STACK_TOP                    
20000200  g_sI2CMInst                    
20000324  g_bMPU6050Done                 
20000328  __TI_cleanup_ptr               
2000032c  __TI_dtors_ptr                 
20000330  __TI_enable_exit_profile_output
20000334  _lock                          
20000338  _unlock                        
20000344  errno                          
20000348  main_func_sp                   
ffffffff  __TI_pprof_out_hndl            
ffffffff  __TI_prof_data_size            
ffffffff  __TI_prof_data_start           
ffffffff  __binit__                      
ffffffff  __c_args__                     
ffffffff  binit                          
UNDEFED   SHT$$INIT_ARRAY$$Base          
UNDEFED   SHT$$INIT_ARRAY$$Limit         

[139 symbols]
