******************************************************************************
                  TI ARM Linker PC v16.9.3                     
******************************************************************************
>> Linked Sat Sep 28 20:14:03 2019

OUTPUT FILE NAME:   <lab4.out>
ENTRY POINT SYMBOL: "_c_int00"  address: 00000ba9


MEMORY CONFIGURATION

         name            origin    length      used     unused   attr    fill
----------------------  --------  ---------  --------  --------  ----  --------
  FLASH                 00000000   00040000  00000f40  0003f0c0  R  X
  SRAM                  20000000   00008000  0000007c  00007f84  RW X


SEGMENT ALLOCATION MAP

run origin  load origin   length   init length attrs members
----------  ----------- ---------- ----------- ----- -------
00000000    00000000    00000f44   00000f44    r-x
  00000000    00000000    0000026c   0000026c    r-- .intvecs
  0000026c    0000026c    00000bd4   00000bd4    r-x .text
  00000e40    00000e40    000000dc   000000dc    r-- .const
  00000f20    00000f20    00000024   00000024    r-- .cinit
20000000    20000000    0000007c   00000000    rw-
  20000000    20000000    00000064   00000000    rw- .stack
  20000064    20000064    00000018   00000000    rw- .data


SECTION ALLOCATION MAP

 output                                  attributes/
section   page    origin      length       input sections
--------  ----  ----------  ----------   ----------------
.intvecs   0    00000000    0000026c     
                  00000000    0000026c     tm4c123gh6pm_startup_ccs.obj (.intvecs)

.text      0    0000026c    00000bd4     
                  0000026c    00000274     task02.obj (.text)
                  000004e0    00000132     driverlib.lib : gpio.obj (.text:GPIOPadConfigSet)
                  00000612    00000002     rtsv7M4_T_le_v4SPD16_eabi.lib : mpu_init.obj (.text)
                  00000614    00000110     driverlib.lib : sysctl.obj (.text:SysCtlClockGet)
                  00000724    000000fc     rtsv7M4_T_le_v4SPD16_eabi.lib : fd_mul_t2.obj (.text)
                  00000820    000000f4     driverlib.lib : sysctl.obj (.text:SysCtlClockSet)
                  00000914    0000009c     rtsv7M4_T_le_v4SPD16_eabi.lib : memcpy_t2.obj (.text)
                  000009b0    00000070                                   : autoinit.obj (.text)
                  00000a20    00000068     driverlib.lib : interrupt.obj (.text:IntEnable)
                  00000a88    00000068     rtsv7M4_T_le_v4SPD16_eabi.lib : copy_decompress_lzss.obj (.text:decompress:lzss)
                  00000af0    00000060     driverlib.lib : timer.obj (.text:TimerConfigure)
                  00000b50    00000056                   : gpio.obj (.text:GPIOIntTypeSet)
                  00000ba6    00000002     rtsv7M4_T_le_v4SPD16_eabi.lib : startup.obj (.text)
                  00000ba8    00000054                                   : boot.obj (.text)
                  00000bfc    00000054                                   : exit.obj (.text)
                  00000c50    0000004c                                   : cpy_tbl.obj (.text)
                  00000c9c    00000044                                   : fd_tou_t2.obj (.text)
                  00000ce0    00000034     driverlib.lib : sysctl.obj (.text:SysCtlPeripheralEnable)
                  00000d14    0000002a                   : gpio.obj (.text:GPIODirModeSet)
                  00000d3e    00000020     rtsv7M4_T_le_v4SPD16_eabi.lib : u_tofd_t2.obj (.text)
                  00000d5e    00000018     driverlib.lib : gpio.obj (.text:GPIOPinTypeGPIOOutput)
                  00000d76    00000002     --HOLE-- [fill = 0]
                  00000d78    00000018     rtsv7M4_T_le_v4SPD16_eabi.lib : args_main.obj (.text)
                  00000d90    00000014                                   : _lock.obj (.text)
                  00000da4    00000012     driverlib.lib : gpio.obj (.text:GPIOPinTypeGPIOInput)
                  00000db6    00000012                   : timer.obj (.text:TimerLoadSet)
                  00000dc8    00000010                   : interrupt.obj (.text:IntMasterEnable)
                  00000dd8    0000000e                   : timer.obj (.text:TimerEnable)
                  00000de6    0000000e     rtsv7M4_T_le_v4SPD16_eabi.lib : copy_decompress_none.obj (.text:decompress:none)
                  00000df4    0000000c     driverlib.lib : cpu.obj (.text:CPUcpsie)
                  00000e00    0000000c                   : gpio.obj (.text:GPIOIntEnable)
                  00000e0c    0000000c     tm4c123gh6pm_startup_ccs.obj (.text)
                  00000e18    00000008     driverlib.lib : timer.obj (.text:TimerIntEnable)
                  00000e20    00000006                   : gpio.obj (.text:GPIOIntClear)
                  00000e26    00000006                   : gpio.obj (.text:GPIOPinRead)
                  00000e2c    00000006                   : gpio.obj (.text:GPIOPinWrite)
                  00000e32    00000006                   : sysctl.obj (.text:SysCtlDelay)
                  00000e38    00000004                   : timer.obj (.text:TimerIntClear)
                  00000e3c    00000004     rtsv7M4_T_le_v4SPD16_eabi.lib : pre_init.obj (.text)

.const     0    00000e40    000000dc     
                  00000e40    00000070     driverlib.lib : interrupt.obj (.const)
                  00000eb0    0000006c                   : sysctl.obj (.const:g_pui32Xtals)

.cinit     0    00000f20    00000024     
                  00000f20    00000011     (.cinit..data.load) [load image, compression = lzss]
                  00000f31    00000003     --HOLE-- [fill = 0]
                  00000f34    00000008     (__TI_handler_table)
                  00000f3c    00000008     (__TI_cinit_table)

.init_array 
*          0    00000000    00000000     UNINITIALIZED

.stack     0    20000000    00000064     UNINITIALIZED
                  20000000    00000064     --HOLE--

.data      0    20000064    00000018     UNINITIALIZED
                  20000064    0000000c     rtsv7M4_T_le_v4SPD16_eabi.lib : exit.obj (.data:$O1$$)
                  20000070    00000008                                   : _lock.obj (.data:$O1$$)
                  20000078    00000004                                   : stkdepth_vars.obj (.data)

MODULE SUMMARY

       Module                         code   ro data   rw data
       ------                         ----   -------   -------
    .\
       tm4c123gh6pm_startup_ccs.obj   12     620       0      
       task02.obj                     628    0         0      
    +--+------------------------------+------+---------+---------+
       Total:                         640    620       0      
                                                              
    C:/ti/tivaware_c_series_2_1_4_178/driverlib/ccs/Debug/driverlib.lib
       sysctl.obj                     574    108       0      
       gpio.obj                       506    0         0      
       interrupt.obj                  120    112       0      
       timer.obj                      140    0         0      
       cpu.obj                        12     0         0      
    +--+------------------------------+------+---------+---------+
       Total:                         1352   220       0      
                                                              
    C:\ti\ccsv7\tools\compiler\ti-cgt-arm_16.9.3.LTS\lib\rtsv7M4_T_le_v4SPD16_eabi.lib
       fd_mul_t2.obj                  252    0         0      
       memcpy_t2.obj                  156    0         0      
       autoinit.obj                   112    0         0      
       copy_decompress_lzss.obj       104    0         0      
       exit.obj                       84     0         12     
       boot.obj                       84     0         0      
       cpy_tbl.obj                    76     0         0      
       fd_tou_t2.obj                  68     0         0      
       u_tofd_t2.obj                  32     0         0      
       _lock.obj                      20     0         8      
       args_main.obj                  24     0         0      
       copy_decompress_none.obj       14     0         0      
       pre_init.obj                   4      0         0      
       stkdepth_vars.obj              0      0         4      
       mpu_init.obj                   2      0         0      
       startup.obj                    2      0         0      
    +--+------------------------------+------+---------+---------+
       Total:                         1034   0         24     
                                                              
       Stack:                         0      0         100    
       Linker Generated:              0      33        0      
    +--+------------------------------+------+---------+---------+
       Grand Total:                   3026   873       124    


LINKER GENERATED COPY TABLES

__TI_cinit_table @ 00000f3c records: 1, size/record: 8, table size: 8
	.data: load addr=00000f20, load size=00000011 bytes, run addr=20000064, run size=00000018 bytes, compression=lzss


LINKER GENERATED HANDLER TABLE

__TI_handler_table @ 00000f34 records: 2, size/record: 4, table size: 8
	index: 0, handler: __TI_decompress_lzss
	index: 1, handler: __TI_decompress_none


GLOBAL SYMBOLS: SORTED ALPHABETICALLY BY Name 

address   name                           
-------   ----                           
00000bfd  C$$EXIT                        
00000df5  CPUcpsie                       
00000d15  GPIODirModeSet                 
00000e21  GPIOIntClear                   
00000e01  GPIOIntEnable                  
00000b51  GPIOIntTypeSet                 
000004e1  GPIOPadConfigSet               
00000e27  GPIOPinRead                    
00000da5  GPIOPinTypeGPIOInput           
00000d5f  GPIOPinTypeGPIOOutput          
00000e2d  GPIOPinWrite                   
00000a21  IntEnable                      
00000dc9  IntMasterEnable                
00000441  PortFPin4IntHandler            
00000e0d  ResetISR                       
UNDEFED   SHT$$INIT_ARRAY$$Base          
UNDEFED   SHT$$INIT_ARRAY$$Limit         
00000615  SysCtlClockGet                 
00000821  SysCtlClockSet                 
00000e33  SysCtlDelay                    
00000ce1  SysCtlPeripheralEnable         
000003c5  Timer0IntHandler               
00000467  Timer1AIntHandler              
00000af1  TimerConfigure                 
00000dd9  TimerEnable                    
00000e39  TimerIntClear                  
00000e19  TimerIntEnable                 
00000db7  TimerLoadSet                   
20000064  __STACK_END                    
00000064  __STACK_SIZE                   
20000200  __STACK_TOP                    
00000f3c  __TI_CINIT_Base                
00000f44  __TI_CINIT_Limit               
00000f34  __TI_Handler_Table_Base        
00000f3c  __TI_Handler_Table_Limit       
000009b1  __TI_auto_init                 
20000064  __TI_cleanup_ptr               
00000a89  __TI_decompress_lzss           
00000de7  __TI_decompress_none           
20000068  __TI_dtors_ptr                 
2000006c  __TI_enable_exit_profile_output
ffffffff  __TI_pprof_out_hndl            
ffffffff  __TI_prof_data_size            
ffffffff  __TI_prof_data_start           
00000000  __TI_static_base__             
00000c9d  __aeabi_d2uiz                  
00000725  __aeabi_dmul                   
00000915  __aeabi_memcpy                 
00000915  __aeabi_memcpy4                
00000915  __aeabi_memcpy8                
00000d3f  __aeabi_ui2d                   
ffffffff  __binit__                      
ffffffff  __c_args__                     
00000613  __mpu_init                     
20000000  __stack                        
00000d79  _args_main                     
00000ba9  _c_int00                       
20000070  _lock                          
00000d9f  _nop                           
00000d97  _register_lock                 
00000d91  _register_unlock               
00000ba7  _system_post_cinit             
00000e3d  _system_pre_init               
20000074  _unlock                        
00000c01  abort                          
ffffffff  binit                          
000002e9  configureTimer1A               
00000c51  copy_in                        
00000c09  exit                           
00000000  g_pfnVectors                   
0000031f  main                           
20000078  main_func_sp                   
00000915  memcpy                         
0000026d  timer1A_delaySec               


GLOBAL SYMBOLS: SORTED BY Symbol Address 

address   name                           
-------   ----                           
00000000  __TI_static_base__             
00000000  g_pfnVectors                   
00000064  __STACK_SIZE                   
0000026d  timer1A_delaySec               
000002e9  configureTimer1A               
0000031f  main                           
000003c5  Timer0IntHandler               
00000441  PortFPin4IntHandler            
00000467  Timer1AIntHandler              
000004e1  GPIOPadConfigSet               
00000613  __mpu_init                     
00000615  SysCtlClockGet                 
00000725  __aeabi_dmul                   
00000821  SysCtlClockSet                 
00000915  __aeabi_memcpy                 
00000915  __aeabi_memcpy4                
00000915  __aeabi_memcpy8                
00000915  memcpy                         
000009b1  __TI_auto_init                 
00000a21  IntEnable                      
00000a89  __TI_decompress_lzss           
00000af1  TimerConfigure                 
00000b51  GPIOIntTypeSet                 
00000ba7  _system_post_cinit             
00000ba9  _c_int00                       
00000bfd  C$$EXIT                        
00000c01  abort                          
00000c09  exit                           
00000c51  copy_in                        
00000c9d  __aeabi_d2uiz                  
00000ce1  SysCtlPeripheralEnable         
00000d15  GPIODirModeSet                 
00000d3f  __aeabi_ui2d                   
00000d5f  GPIOPinTypeGPIOOutput          
00000d79  _args_main                     
00000d91  _register_unlock               
00000d97  _register_lock                 
00000d9f  _nop                           
00000da5  GPIOPinTypeGPIOInput           
00000db7  TimerLoadSet                   
00000dc9  IntMasterEnable                
00000dd9  TimerEnable                    
00000de7  __TI_decompress_none           
00000df5  CPUcpsie                       
00000e01  GPIOIntEnable                  
00000e0d  ResetISR                       
00000e19  TimerIntEnable                 
00000e21  GPIOIntClear                   
00000e27  GPIOPinRead                    
00000e2d  GPIOPinWrite                   
00000e33  SysCtlDelay                    
00000e39  TimerIntClear                  
00000e3d  _system_pre_init               
00000f34  __TI_Handler_Table_Base        
00000f3c  __TI_CINIT_Base                
00000f3c  __TI_Handler_Table_Limit       
00000f44  __TI_CINIT_Limit               
20000000  __stack                        
20000064  __STACK_END                    
20000064  __TI_cleanup_ptr               
20000068  __TI_dtors_ptr                 
2000006c  __TI_enable_exit_profile_output
20000070  _lock                          
20000074  _unlock                        
20000078  main_func_sp                   
20000200  __STACK_TOP                    
ffffffff  __TI_pprof_out_hndl            
ffffffff  __TI_prof_data_size            
ffffffff  __TI_prof_data_start           
ffffffff  __binit__                      
ffffffff  __c_args__                     
ffffffff  binit                          
UNDEFED   SHT$$INIT_ARRAY$$Base          
UNDEFED   SHT$$INIT_ARRAY$$Limit         

[74 symbols]
