******************************************************************************
                  TI ARM Linker PC v16.9.3                     
******************************************************************************
>> Linked Wed Oct 16 04:09:38 2019

OUTPUT FILE NAME:   <lab12.out>
ENTRY POINT SYMBOL: "_c_int00"  address: 00000d11


MEMORY CONFIGURATION

         name            origin    length      used     unused   attr    fill
----------------------  --------  ---------  --------  --------  ----  --------
  FLASH                 00000000   00040000  00001178  0003ee88  R  X
  SRAM                  20000000   00008000  000000a4  00007f5c  RW X


SEGMENT ALLOCATION MAP

run origin  load origin   length   init length attrs members
----------  ----------- ---------- ----------- ----- -------
00000000    00000000    00001178   00001178    r-x
  00000000    00000000    0000026c   0000026c    r-- .intvecs
  0000026c    0000026c    00000dd8   00000dd8    r-x .text
  00001044    00001044    000000fc   000000fc    r-- .const
  00001140    00001140    00000038   00000038    r-- .cinit
20000000    20000000    000000a4   00000000    rw-
  20000000    20000000    00000064   00000000    rw- .stack
  20000064    20000064    00000028   00000000    rw- .bss
  2000008c    2000008c    00000018   00000000    rw- .data


SECTION ALLOCATION MAP

 output                                  attributes/
section   page    origin      length       input sections
--------  ----  ----------  ----------   ----------------
.intvecs   0    00000000    0000026c     
                  00000000    0000026c     tm4c123gh6pm_startup_ccs.obj (.intvecs)

.text      0    0000026c    00000dd8     
                  0000026c    0000057c     task02.obj (.text)
                  000007e8    00000132     driverlib.lib : gpio.obj (.text:GPIOPadConfigSet)
                  0000091a    00000002     rtsv7M4_T_le_v4SPD16_eabi.lib : i_div0.obj (.text)
                  0000091c    00000110     driverlib.lib : sysctl.obj (.text:SysCtlClockGet)
                  00000a2c    000000f4                   : sysctl.obj (.text:SysCtlClockSet)
                  00000b20    0000009c     rtsv7M4_T_le_v4SPD16_eabi.lib : memcpy_t2.obj (.text)
                  00000bbc    0000007a                                   : memset_t2.obj (.text)
                  00000c36    00000002                                   : mpu_init.obj (.text)
                  00000c38    00000070                                   : autoinit.obj (.text)
                  00000ca8    00000068                                   : copy_decompress_lzss.obj (.text:decompress:lzss)
                  00000d10    00000054                                   : boot.obj (.text)
                  00000d64    00000054                                   : exit.obj (.text)
                  00000db8    0000004c                                   : cpy_tbl.obj (.text)
                  00000e04    00000048     driverlib.lib : gpio.obj (.text:GPIOPinConfigure)
                  00000e4c    00000046                   : uart.obj (.text:UARTConfigSetExpClk)
                  00000e92    00000040     rtsv7M4_T_le_v4SPD16_eabi.lib : u_divt2.obj (.text)
                  00000ed2    00000002                                   : startup.obj (.text)
                  00000ed4    00000034     driverlib.lib : sysctl.obj (.text:SysCtlPeripheralEnable)
                  00000f08    0000002a                   : gpio.obj (.text:GPIODirModeSet)
                  00000f32    00000002     --HOLE-- [fill = 0]
                  00000f34    00000020                   : uart.obj (.text:UARTDisable)
                  00000f54    00000018                   : gpio.obj (.text:GPIOPinTypeGPIOOutput)
                  00000f6c    00000018     rtsv7M4_T_le_v4SPD16_eabi.lib : args_main.obj (.text)
                  00000f84    00000014     driverlib.lib : uart.obj (.text:UARTEnable)
                  00000f98    00000014     rtsv7M4_T_le_v4SPD16_eabi.lib : _lock.obj (.text)
                  00000fac    00000012     driverlib.lib : gpio.obj (.text:GPIOPinTypeUART)
                  00000fbe    0000000e                   : uart.obj (.text:UARTCharGetNonBlocking)
                  00000fcc    0000000e                   : uart.obj (.text:UARTCharPutNonBlocking)
                  00000fda    0000000e                   : uart.obj (.text:UARTCharsAvail)
                  00000fe8    0000000e     rtsv7M4_T_le_v4SPD16_eabi.lib : copy_decompress_none.obj (.text:decompress:none)
                  00000ff6    0000000c                                   : copy_zero_init.obj (.text:decompress:ZI)
                  00001002    0000000c     tm4c123gh6pm_startup_ccs.obj (.text)
                  0000100e    0000000a     driverlib.lib : uart.obj (.text:UARTCharGet)
                  00001018    0000000a                   : uart.obj (.text:UARTCharPut)
                  00001022    0000000a                   : uart.obj (.text:UARTIntStatus)
                  0000102c    00000006                   : gpio.obj (.text:GPIOPinWrite)
                  00001032    00000006                   : sysctl.obj (.text:SysCtlDelay)
                  00001038    00000004                   : timer.obj (.text:TimerIntClear)
                  0000103c    00000004                   : uart.obj (.text:UARTIntClear)
                  00001040    00000004     rtsv7M4_T_le_v4SPD16_eabi.lib : pre_init.obj (.text)

.const     0    00001044    000000fc     
                  00001044    00000090     driverlib.lib : gpio.obj (.const:g_pui32GPIOBaseAddrs)
                  000010d4    0000006c                   : sysctl.obj (.const:g_pui32Xtals)

.cinit     0    00001140    00000038     
                  00001140    00000011     (.cinit..data.load) [load image, compression = lzss]
                  00001151    00000003     --HOLE-- [fill = 0]
                  00001154    0000000c     (__TI_handler_table)
                  00001160    00000008     (.cinit..bss.load) [load image, compression = zero_init]
                  00001168    00000010     (__TI_cinit_table)

.init_array 
*          0    00000000    00000000     UNINITIALIZED

.stack     0    20000000    00000064     UNINITIALIZED
                  20000000    00000064     --HOLE--

.bss       0    20000064    00000028     UNINITIALIZED
                  20000064    00000010     (.common:ui32ADC0Value)
                  20000074    0000000c     (.common:str)
                  20000080    00000004     (.common:ui32TempAvg)
                  20000084    00000004     (.common:ui32TempValueC)
                  20000088    00000004     (.common:ui32TempValueF)

.data      0    2000008c    00000018     UNINITIALIZED
                  2000008c    0000000c     rtsv7M4_T_le_v4SPD16_eabi.lib : exit.obj (.data:$O1$$)
                  20000098    00000008                                   : _lock.obj (.data:$O1$$)
                  200000a0    00000004                                   : stkdepth_vars.obj (.data)

MODULE SUMMARY

       Module                         code   ro data   rw data
       ------                         ----   -------   -------
    .\
       task02.obj                     1404   0         40     
       tm4c123gh6pm_startup_ccs.obj   12     620       0      
    +--+------------------------------+------+---------+---------+
       Total:                         1416   620       40     
                                                              
    C:/ti/tivaware_c_series_2_1_4_178/driverlib/ccs/Debug/driverlib.lib
       sysctl.obj                     574    108       0      
       gpio.obj                       468    144       0      
       uart.obj                       198    0         0      
       timer.obj                      4      0         0      
    +--+------------------------------+------+---------+---------+
       Total:                         1244   252       0      
                                                              
    C:\ti\ccsv7\tools\compiler\ti-cgt-arm_16.9.3.LTS\lib\rtsv7M4_T_le_v4SPD16_eabi.lib
       memcpy_t2.obj                  156    0         0      
       memset_t2.obj                  122    0         0      
       autoinit.obj                   112    0         0      
       copy_decompress_lzss.obj       104    0         0      
       exit.obj                       84     0         12     
       boot.obj                       84     0         0      
       cpy_tbl.obj                    76     0         0      
       u_divt2.obj                    64     0         0      
       _lock.obj                      20     0         8      
       args_main.obj                  24     0         0      
       copy_decompress_none.obj       14     0         0      
       copy_zero_init.obj             12     0         0      
       pre_init.obj                   4      0         0      
       stkdepth_vars.obj              0      0         4      
       i_div0.obj                     2      0         0      
       mpu_init.obj                   2      0         0      
       startup.obj                    2      0         0      
    +--+------------------------------+------+---------+---------+
       Total:                         882    0         24     
                                                              
       Stack:                         0      0         100    
       Linker Generated:              0      53        0      
    +--+------------------------------+------+---------+---------+
       Grand Total:                   3542   925       164    


LINKER GENERATED COPY TABLES

__TI_cinit_table @ 00001168 records: 2, size/record: 8, table size: 16
	.data: load addr=00001140, load size=00000011 bytes, run addr=2000008c, run size=00000018 bytes, compression=lzss
	.bss: load addr=00001160, load size=00000008 bytes, run addr=20000064, run size=00000028 bytes, compression=zero_init


LINKER GENERATED HANDLER TABLE

__TI_handler_table @ 00001154 records: 3, size/record: 4, table size: 12
	index: 0, handler: __TI_decompress_lzss
	index: 1, handler: __TI_decompress_none
	index: 2, handler: __TI_zero_init


GLOBAL SYMBOLS: SORTED ALPHABETICALLY BY Name 

address   name                           
-------   ----                           
00000d65  C$$EXIT                        
00000f09  GPIODirModeSet                 
000007e9  GPIOPadConfigSet               
00000e05  GPIOPinConfigure               
00000f55  GPIOPinTypeGPIOOutput          
00000fad  GPIOPinTypeUART                
0000102d  GPIOPinWrite                   
00001003  ResetISR                       
UNDEFED   SHT$$INIT_ARRAY$$Base          
UNDEFED   SHT$$INIT_ARRAY$$Limit         
0000091d  SysCtlClockGet                 
00000a2d  SysCtlClockSet                 
00001033  SysCtlDelay                    
00000ed5  SysCtlPeripheralEnable         
000006c1  Timer0IntHandler               
00001039  TimerIntClear                  
0000100f  UARTCharGet                    
00000fbf  UARTCharGetNonBlocking         
00001019  UARTCharPut                    
00000fcd  UARTCharPutNonBlocking         
00000fdb  UARTCharsAvail                 
00000e4d  UARTConfigSetExpClk            
00000f35  UARTDisable                    
00000f85  UARTEnable                     
0000103d  UARTIntClear                   
000002df  UARTIntHandler                 
00001023  UARTIntStatus                  
20000064  __STACK_END                    
00000064  __STACK_SIZE                   
20000200  __STACK_TOP                    
00001168  __TI_CINIT_Base                
00001178  __TI_CINIT_Limit               
00001154  __TI_Handler_Table_Base        
00001160  __TI_Handler_Table_Limit       
00000c39  __TI_auto_init                 
2000008c  __TI_cleanup_ptr               
00000ca9  __TI_decompress_lzss           
00000fe9  __TI_decompress_none           
20000090  __TI_dtors_ptr                 
20000094  __TI_enable_exit_profile_output
ffffffff  __TI_pprof_out_hndl            
ffffffff  __TI_prof_data_size            
ffffffff  __TI_prof_data_start           
00000000  __TI_static_base__             
00000ff7  __TI_zero_init                 
0000091b  __aeabi_idiv0                  
00000bbd  __aeabi_memclr                 
00000bbd  __aeabi_memclr4                
00000bbd  __aeabi_memclr8                
00000b21  __aeabi_memcpy                 
00000b21  __aeabi_memcpy4                
00000b21  __aeabi_memcpy8                
00000bbf  __aeabi_memset                 
00000bbf  __aeabi_memset4                
00000bbf  __aeabi_memset8                
00000e93  __aeabi_uidiv                  
00000e93  __aeabi_uidivmod               
ffffffff  __binit__                      
ffffffff  __c_args__                     
00000c37  __mpu_init                     
20000000  __stack                        
00000f6d  _args_main                     
00000d11  _c_int00                       
20000098  _lock                          
00000fa7  _nop                           
00000f9f  _register_lock                 
00000f99  _register_unlock               
00000ed3  _system_post_cinit             
00001041  _system_pre_init               
2000009c  _unlock                        
00000d69  abort                          
ffffffff  binit                          
00000db9  copy_in                        
00000d71  exit                           
00000000  g_pfnVectors                   
0000026d  itoa                           
00000333  main                           
200000a0  main_func_sp                   
00000b21  memcpy                         
00000bc5  memset                         
20000074  str                            
20000064  ui32ADC0Value                  
20000080  ui32TempAvg                    
20000084  ui32TempValueC                 
20000088  ui32TempValueF                 


GLOBAL SYMBOLS: SORTED BY Symbol Address 

address   name                           
-------   ----                           
00000000  __TI_static_base__             
00000000  g_pfnVectors                   
00000064  __STACK_SIZE                   
0000026d  itoa                           
000002df  UARTIntHandler                 
00000333  main                           
000006c1  Timer0IntHandler               
000007e9  GPIOPadConfigSet               
0000091b  __aeabi_idiv0                  
0000091d  SysCtlClockGet                 
00000a2d  SysCtlClockSet                 
00000b21  __aeabi_memcpy                 
00000b21  __aeabi_memcpy4                
00000b21  __aeabi_memcpy8                
00000b21  memcpy                         
00000bbd  __aeabi_memclr                 
00000bbd  __aeabi_memclr4                
00000bbd  __aeabi_memclr8                
00000bbf  __aeabi_memset                 
00000bbf  __aeabi_memset4                
00000bbf  __aeabi_memset8                
00000bc5  memset                         
00000c37  __mpu_init                     
00000c39  __TI_auto_init                 
00000ca9  __TI_decompress_lzss           
00000d11  _c_int00                       
00000d65  C$$EXIT                        
00000d69  abort                          
00000d71  exit                           
00000db9  copy_in                        
00000e05  GPIOPinConfigure               
00000e4d  UARTConfigSetExpClk            
00000e93  __aeabi_uidiv                  
00000e93  __aeabi_uidivmod               
00000ed3  _system_post_cinit             
00000ed5  SysCtlPeripheralEnable         
00000f09  GPIODirModeSet                 
00000f35  UARTDisable                    
00000f55  GPIOPinTypeGPIOOutput          
00000f6d  _args_main                     
00000f85  UARTEnable                     
00000f99  _register_unlock               
00000f9f  _register_lock                 
00000fa7  _nop                           
00000fad  GPIOPinTypeUART                
00000fbf  UARTCharGetNonBlocking         
00000fcd  UARTCharPutNonBlocking         
00000fdb  UARTCharsAvail                 
00000fe9  __TI_decompress_none           
00000ff7  __TI_zero_init                 
00001003  ResetISR                       
0000100f  UARTCharGet                    
00001019  UARTCharPut                    
00001023  UARTIntStatus                  
0000102d  GPIOPinWrite                   
00001033  SysCtlDelay                    
00001039  TimerIntClear                  
0000103d  UARTIntClear                   
00001041  _system_pre_init               
00001154  __TI_Handler_Table_Base        
00001160  __TI_Handler_Table_Limit       
00001168  __TI_CINIT_Base                
00001178  __TI_CINIT_Limit               
20000000  __stack                        
20000064  __STACK_END                    
20000064  ui32ADC0Value                  
20000074  str                            
20000080  ui32TempAvg                    
20000084  ui32TempValueC                 
20000088  ui32TempValueF                 
2000008c  __TI_cleanup_ptr               
20000090  __TI_dtors_ptr                 
20000094  __TI_enable_exit_profile_output
20000098  _lock                          
2000009c  _unlock                        
200000a0  main_func_sp                   
20000200  __STACK_TOP                    
ffffffff  __TI_pprof_out_hndl            
ffffffff  __TI_prof_data_size            
ffffffff  __TI_prof_data_start           
ffffffff  __binit__                      
ffffffff  __c_args__                     
ffffffff  binit                          
UNDEFED   SHT$$INIT_ARRAY$$Base          
UNDEFED   SHT$$INIT_ARRAY$$Limit         

[85 symbols]
