******************************************************************************
                  TI ARM Linker PC v16.9.3                     
******************************************************************************
>> Linked Sat Oct 19 18:55:21 2019

OUTPUT FILE NAME:   <lab8.out>
ENTRY POINT SYMBOL: "_c_int00"  address: 00000d79


MEMORY CONFIGURATION

         name            origin    length      used     unused   attr    fill
----------------------  --------  ---------  --------  --------  ----  --------
  FLASH                 00000000   00040000  0000125c  0003eda4  R  X
  SRAM                  20000000   00008000  00000220  00007de0  RW X


SEGMENT ALLOCATION MAP

run origin  load origin   length   init length attrs members
----------  ----------- ---------- ----------- ----- -------
00000000    00000000    0000125c   0000125c    r-x
  00000000    00000000    0000026c   0000026c    r-- .intvecs
  0000026c    0000026c    00000ea0   00000ea0    r-x .text
  0000110c    0000110c    0000012c   0000012c    r-- .const
  00001238    00001238    00000024   00000024    r-- .cinit
20000000    20000000    00000220   00000000    rw-
  20000000    20000000    00000200   00000000    rw- .stack
  20000200    20000200    00000020   00000000    rw- .data


SECTION ALLOCATION MAP

 output                                  attributes/
section   page    origin      length       input sections
--------  ----  ----------  ----------   ----------------
.intvecs   0    00000000    0000026c     
                  00000000    0000026c     tm4c123gh6pm_startup_ccs.obj (.intvecs)

.text      0    0000026c    00000ea0     
                  0000026c    0000049c     uartstdio.obj (.text)
                  00000708    000001c4     task00.obj (.text)
                  000008cc    00000132     driverlib.lib : gpio.obj (.text:GPIOPadConfigSet)
                  000009fe    00000002     rtsv7M4_T_le_v4SPD16_eabi.lib : i_div0.obj (.text)
                  00000a00    00000110     driverlib.lib : sysctl.obj (.text:SysCtlClockGet)
                  00000b10    000000f4                   : sysctl.obj (.text:SysCtlClockSet)
                  00000c04    0000009c     rtsv7M4_T_le_v4SPD16_eabi.lib : memcpy_t2.obj (.text)
                  00000ca0    00000070                                   : autoinit.obj (.text)
                  00000d10    00000068                                   : copy_decompress_lzss.obj (.text:decompress:lzss)
                  00000d78    00000054                                   : boot.obj (.text)
                  00000dcc    00000054                                   : exit.obj (.text)
                  00000e20    0000004c                                   : cpy_tbl.obj (.text)
                  00000e6c    00000048     driverlib.lib : gpio.obj (.text:GPIOPinConfigure)
                  00000eb4    00000046                   : uart.obj (.text:UARTConfigSetExpClk)
                  00000efa    00000040     rtsv7M4_T_le_v4SPD16_eabi.lib : u_divt2.obj (.text)
                  00000f3a    0000003c     driverlib.lib : ssi.obj (.text:SSIConfigSetExpClk)
                  00000f76    00000002     rtsv7M4_T_le_v4SPD16_eabi.lib : mpu_init.obj (.text)
                  00000f78    00000038     driverlib.lib : sysctl.obj (.text:SysCtlPeripheralPresent)
                  00000fb0    00000034                   : sysctl.obj (.text:SysCtlPeripheralEnable)
                  00000fe4    0000002a                   : gpio.obj (.text:GPIODirModeSet)
                  0000100e    00000002     rtsv7M4_T_le_v4SPD16_eabi.lib : startup.obj (.text)
                  00001010    00000020     driverlib.lib : uart.obj (.text:UARTDisable)
                  00001030    00000018     rtsv7M4_T_le_v4SPD16_eabi.lib : args_main.obj (.text)
                  00001048    00000014     driverlib.lib : uart.obj (.text:UARTEnable)
                  0000105c    00000014     rtsv7M4_T_le_v4SPD16_eabi.lib : _lock.obj (.text)
                  00001070    00000012     driverlib.lib : gpio.obj (.text:GPIOPinTypeSSI)
                  00001082    00000012                   : gpio.obj (.text:GPIOPinTypeUART)
                  00001094    00000012                   : ssi.obj (.text:SSIDataGetNonBlocking)
                  000010a6    0000000e     rtsv7M4_T_le_v4SPD16_eabi.lib : copy_decompress_none.obj (.text:decompress:none)
                  000010b4    0000000c     driverlib.lib : ssi.obj (.text:SSIDataGet)
                  000010c0    0000000c     tm4c123gh6pm_startup_ccs.obj (.text)
                  000010cc    0000000a     driverlib.lib : ssi.obj (.text:SSIDataPut)
                  000010d6    0000000a                   : ssi.obj (.text:SSIEnable)
                  000010e0    0000000a                   : uart.obj (.text:UARTCharGet)
                  000010ea    0000000a                   : uart.obj (.text:UARTCharPut)
                  000010f4    00000008                   : ssi.obj (.text:SSIBusy)
                  000010fc    00000006                   : sysctl.obj (.text:SysCtlDelay)
                  00001102    00000006                   : uart.obj (.text:UARTClockSourceSet)
                  00001108    00000004     rtsv7M4_T_le_v4SPD16_eabi.lib : pre_init.obj (.text)

.const     0    0000110c    0000012c     
                  0000110c    00000090     driverlib.lib : gpio.obj (.const:g_pui32GPIOBaseAddrs)
                  0000119c    0000006c                   : sysctl.obj (.const:g_pui32Xtals)
                  00001208    00000012     uartstdio.obj (.const:.string)
                  0000121a    00000002     --HOLE-- [fill = 0]
                  0000121c    0000000c     uartstdio.obj (.const:g_ui32UARTBase)
                  00001228    0000000c     uartstdio.obj (.const:g_ui32UARTPeriph)
                  00001234    00000004     uartstdio.obj (.const)

.cinit     0    00001238    00000024     
                  00001238    00000011     (.cinit..data.load) [load image, compression = lzss]
                  00001249    00000003     --HOLE-- [fill = 0]
                  0000124c    00000008     (__TI_handler_table)
                  00001254    00000008     (__TI_cinit_table)

.init_array 
*          0    00000000    00000000     UNINITIALIZED

.stack     0    20000000    00000200     UNINITIALIZED
                  20000000    00000200     --HOLE--

.data      0    20000200    00000020     UNINITIALIZED
                  20000200    0000000c     rtsv7M4_T_le_v4SPD16_eabi.lib : exit.obj (.data:$O1$$)
                  2000020c    00000008                                   : _lock.obj (.data:$O1$$)
                  20000214    00000005     uartstdio.obj (.data)
                  20000219    00000003     --HOLE--
                  2000021c    00000004     rtsv7M4_T_le_v4SPD16_eabi.lib : stkdepth_vars.obj (.data)

MODULE SUMMARY

       Module                         code   ro data   rw data
       ------                         ----   -------   -------
    .\
       uartstdio.obj                  1180   46        5      
       tm4c123gh6pm_startup_ccs.obj   12     620       0      
       task00.obj                     452    0         0      
    +--+------------------------------+------+---------+---------+
       Total:                         1644   666       5      
                                                              
    C:/ti/tivaware_c_series_2_1_4_178/driverlib/ccs/Debug/driverlib.lib
       sysctl.obj                     630    108       0      
       gpio.obj                       456    144       0      
       uart.obj                       148    0         0      
       ssi.obj                        118    0         0      
    +--+------------------------------+------+---------+---------+
       Total:                         1352   252       0      
                                                              
    C:\ti\ccsv7\tools\compiler\ti-cgt-arm_16.9.3.LTS\lib\rtsv7M4_T_le_v4SPD16_eabi.lib
       memcpy_t2.obj                  156    0         0      
       autoinit.obj                   112    0         0      
       copy_decompress_lzss.obj       104    0         0      
       exit.obj                       84     0         12     
       boot.obj                       84     0         0      
       cpy_tbl.obj                    76     0         0      
       u_divt2.obj                    64     0         0      
       _lock.obj                      20     0         8      
       args_main.obj                  24     0         0      
       copy_decompress_none.obj       14     0         0      
       pre_init.obj                   4      0         0      
       stkdepth_vars.obj              0      0         4      
       i_div0.obj                     2      0         0      
       mpu_init.obj                   2      0         0      
       startup.obj                    2      0         0      
    +--+------------------------------+------+---------+---------+
       Total:                         748    0         24     
                                                              
       Stack:                         0      0         512    
       Linker Generated:              0      33        0      
    +--+------------------------------+------+---------+---------+
       Grand Total:                   3744   951       541    


LINKER GENERATED COPY TABLES

__TI_cinit_table @ 00001254 records: 1, size/record: 8, table size: 8
	.data: load addr=00001238, load size=00000011 bytes, run addr=20000200, run size=00000020 bytes, compression=lzss


LINKER GENERATED HANDLER TABLE

__TI_handler_table @ 0000124c records: 2, size/record: 4, table size: 8
	index: 0, handler: __TI_decompress_lzss
	index: 1, handler: __TI_decompress_none


GLOBAL SYMBOLS: SORTED ALPHABETICALLY BY Name 

address   name                           
-------   ----                           
00000dcd  C$$EXIT                        
00000fe5  GPIODirModeSet                 
000008cd  GPIOPadConfigSet               
00000e6d  GPIOPinConfigure               
00001071  GPIOPinTypeSSI                 
00001083  GPIOPinTypeUART                
00000709  InitConsole                    
000010c1  ResetISR                       
UNDEFED   SHT$$INIT_ARRAY$$Base          
UNDEFED   SHT$$INIT_ARRAY$$Limit         
000010f5  SSIBusy                        
00000f3b  SSIConfigSetExpClk             
000010b5  SSIDataGet                     
00001095  SSIDataGetNonBlocking          
000010cd  SSIDataPut                     
000010d7  SSIEnable                      
00000a01  SysCtlClockGet                 
00000b11  SysCtlClockSet                 
000010fd  SysCtlDelay                    
00000fb1  SysCtlPeripheralEnable         
00000f79  SysCtlPeripheralPresent        
000010e1  UARTCharGet                    
000010eb  UARTCharPut                    
00001103  UARTClockSourceSet             
00000eb5  UARTConfigSetExpClk            
00001011  UARTDisable                    
00001049  UARTEnable                     
0000026d  UARTStdioConfig                
000003b3  UARTgetc                       
000002f9  UARTgets                       
000006d3  UARTprintf                     
000003d9  UARTvprintf                    
000002b3  UARTwrite                      
20000200  __STACK_END                    
00000200  __STACK_SIZE                   
20000200  __STACK_TOP                    
00001254  __TI_CINIT_Base                
0000125c  __TI_CINIT_Limit               
0000124c  __TI_Handler_Table_Base        
00001254  __TI_Handler_Table_Limit       
00000ca1  __TI_auto_init                 
20000200  __TI_cleanup_ptr               
00000d11  __TI_decompress_lzss           
000010a7  __TI_decompress_none           
20000204  __TI_dtors_ptr                 
20000208  __TI_enable_exit_profile_output
ffffffff  __TI_pprof_out_hndl            
ffffffff  __TI_prof_data_size            
ffffffff  __TI_prof_data_start           
00000000  __TI_static_base__             
000009ff  __aeabi_idiv0                  
00000c05  __aeabi_memcpy                 
00000c05  __aeabi_memcpy4                
00000c05  __aeabi_memcpy8                
00000efb  __aeabi_uidiv                  
00000efb  __aeabi_uidivmod               
ffffffff  __binit__                      
ffffffff  __c_args__                     
00000f77  __mpu_init                     
20000000  __stack                        
00001031  _args_main                     
00000d79  _c_int00                       
2000020c  _lock                          
0000106b  _nop                           
00001063  _register_lock                 
0000105d  _register_unlock               
0000100f  _system_post_cinit             
00001109  _system_pre_init               
20000210  _unlock                        
00000dd1  abort                          
ffffffff  binit                          
00000e21  copy_in                        
00000dd9  exit                           
00000000  g_pfnVectors                   
00000745  main                           
2000021c  main_func_sp                   
00000c05  memcpy                         


GLOBAL SYMBOLS: SORTED BY Symbol Address 

address   name                           
-------   ----                           
00000000  __TI_static_base__             
00000000  g_pfnVectors                   
00000200  __STACK_SIZE                   
0000026d  UARTStdioConfig                
000002b3  UARTwrite                      
000002f9  UARTgets                       
000003b3  UARTgetc                       
000003d9  UARTvprintf                    
000006d3  UARTprintf                     
00000709  InitConsole                    
00000745  main                           
000008cd  GPIOPadConfigSet               
000009ff  __aeabi_idiv0                  
00000a01  SysCtlClockGet                 
00000b11  SysCtlClockSet                 
00000c05  __aeabi_memcpy                 
00000c05  __aeabi_memcpy4                
00000c05  __aeabi_memcpy8                
00000c05  memcpy                         
00000ca1  __TI_auto_init                 
00000d11  __TI_decompress_lzss           
00000d79  _c_int00                       
00000dcd  C$$EXIT                        
00000dd1  abort                          
00000dd9  exit                           
00000e21  copy_in                        
00000e6d  GPIOPinConfigure               
00000eb5  UARTConfigSetExpClk            
00000efb  __aeabi_uidiv                  
00000efb  __aeabi_uidivmod               
00000f3b  SSIConfigSetExpClk             
00000f77  __mpu_init                     
00000f79  SysCtlPeripheralPresent        
00000fb1  SysCtlPeripheralEnable         
00000fe5  GPIODirModeSet                 
0000100f  _system_post_cinit             
00001011  UARTDisable                    
00001031  _args_main                     
00001049  UARTEnable                     
0000105d  _register_unlock               
00001063  _register_lock                 
0000106b  _nop                           
00001071  GPIOPinTypeSSI                 
00001083  GPIOPinTypeUART                
00001095  SSIDataGetNonBlocking          
000010a7  __TI_decompress_none           
000010b5  SSIDataGet                     
000010c1  ResetISR                       
000010cd  SSIDataPut                     
000010d7  SSIEnable                      
000010e1  UARTCharGet                    
000010eb  UARTCharPut                    
000010f5  SSIBusy                        
000010fd  SysCtlDelay                    
00001103  UARTClockSourceSet             
00001109  _system_pre_init               
0000124c  __TI_Handler_Table_Base        
00001254  __TI_CINIT_Base                
00001254  __TI_Handler_Table_Limit       
0000125c  __TI_CINIT_Limit               
20000000  __stack                        
20000200  __STACK_END                    
20000200  __STACK_TOP                    
20000200  __TI_cleanup_ptr               
20000204  __TI_dtors_ptr                 
20000208  __TI_enable_exit_profile_output
2000020c  _lock                          
20000210  _unlock                        
2000021c  main_func_sp                   
ffffffff  __TI_pprof_out_hndl            
ffffffff  __TI_prof_data_size            
ffffffff  __TI_prof_data_start           
ffffffff  __binit__                      
ffffffff  __c_args__                     
ffffffff  binit                          
UNDEFED   SHT$$INIT_ARRAY$$Base          
UNDEFED   SHT$$INIT_ARRAY$$Limit         

[77 symbols]
