******************************************************************************
                  TI ARM Linker PC v16.9.3                     
******************************************************************************
>> Linked Wed Oct 23 23:11:04 2019

OUTPUT FILE NAME:   <lab9.out>
ENTRY POINT SYMBOL: "_c_int00"  address: 00000665


MEMORY CONFIGURATION

         name            origin    length      used     unused   attr    fill
----------------------  --------  ---------  --------  --------  ----  --------
  FLASH                 00000000   00040000  000007e8  0003f818  R  X
  SRAM                  20000000   00008000  00001020  00006fe0  RW X


SEGMENT ALLOCATION MAP

run origin  load origin   length   init length attrs members
----------  ----------- ---------- ----------- ----- -------
00000000    00000000    000007e8   000007e8    r-x
  00000000    00000000    0000026c   0000026c    r-- .intvecs
  0000026c    0000026c    00000544   00000544    r-x .text
  000007b0    000007b0    00000038   00000038    r-- .cinit
20000000    20000000    00001020   00000000    rw-
  20000000    20000000    00000fa0   00000000    rw- .bss
  20000fa0    20000fa0    00000064   00000000    rw- .stack
  20001004    20001004    0000001c   00000000    rw- .data


SECTION ALLOCATION MAP

 output                                  attributes/
section   page    origin      length       input sections
--------  ----  ----------  ----------   ----------------
.intvecs   0    00000000    0000026c     
                  00000000    0000026c     tm4c123gh6pm_startup_ccs.obj (.intvecs)

.text      0    0000026c    00000544     
                  0000026c    000000b4     rtsv7M4_T_le_v4SPD16_eabi.lib : s_cosf.obj (.text)
                  00000320    000000b0     task01.obj (.text)
                  000003d0    000000a4     rtsv7M4_T_le_v4SPD16_eabi.lib : s_sinf.obj (.text)
                  00000474    0000009c                                   : memcpy_t2.obj (.text)
                  00000510    0000007a                                   : memset_t2.obj (.text)
                  0000058a    00000002                                   : mpu_init.obj (.text)
                  0000058c    00000070                                   : autoinit.obj (.text)
                  000005fc    00000068                                   : copy_decompress_lzss.obj (.text:decompress:lzss)
                  00000664    00000054                                   : boot.obj (.text)
                  000006b8    00000054                                   : exit.obj (.text)
                  0000070c    0000004c                                   : cpy_tbl.obj (.text)
                  00000758    00000018                                   : args_main.obj (.text)
                  00000770    00000014                                   : _lock.obj (.text)
                  00000784    0000000e                                   : copy_decompress_none.obj (.text:decompress:none)
                  00000792    0000000c                                   : copy_zero_init.obj (.text:decompress:ZI)
                  0000079e    0000000c     tm4c123gh6pm_startup_ccs.obj (.text)
                  000007aa    00000004     rtsv7M4_T_le_v4SPD16_eabi.lib : pre_init.obj (.text)
                  000007ae    00000002                                   : startup.obj (.text)

.cinit     0    000007b0    00000038     
                  000007b0    00000011     (.cinit..data.load) [load image, compression = lzss]
                  000007c1    00000003     --HOLE-- [fill = 0]
                  000007c4    0000000c     (__TI_handler_table)
                  000007d0    00000008     (.cinit..bss.load) [load image, compression = zero_init]
                  000007d8    00000010     (__TI_cinit_table)

.init_array 
*          0    00000000    00000000     UNINITIALIZED

.bss       0    20000000    00000fa0     UNINITIALIZED
                  20000000    00000fa0     (.common:gSeriesData)

.stack     0    20000fa0    00000064     UNINITIALIZED
                  20000fa0    00000064     --HOLE--

.data      0    20001004    0000001c     UNINITIALIZED
                  20001004    0000000c     rtsv7M4_T_le_v4SPD16_eabi.lib : exit.obj (.data:$O1$$)
                  20001010    00000008                                   : _lock.obj (.data:$O1$$)
                  20001018    00000004                                   : stkdepth_vars.obj (.data)
                  2000101c    00000004     task01.obj (.data)

MODULE SUMMARY

       Module                         code   ro data   rw data
       ------                         ----   -------   -------
    .\
       task01.obj                     176    0         4004   
       tm4c123gh6pm_startup_ccs.obj   12     620       0      
    +--+------------------------------+------+---------+---------+
       Total:                         188    620       4004   
                                                              
    C:\ti\ccsv7\tools\compiler\ti-cgt-arm_16.9.3.LTS\lib\rtsv7M4_T_le_v4SPD16_eabi.lib
       s_cosf.obj                     180    0         0      
       s_sinf.obj                     164    0         0      
       memcpy_t2.obj                  156    0         0      
       memset_t2.obj                  122    0         0      
       autoinit.obj                   112    0         0      
       copy_decompress_lzss.obj       104    0         0      
       exit.obj                       84     0         12     
       boot.obj                       84     0         0      
       cpy_tbl.obj                    76     0         0      
       _lock.obj                      20     0         8      
       args_main.obj                  24     0         0      
       copy_decompress_none.obj       14     0         0      
       copy_zero_init.obj             12     0         0      
       pre_init.obj                   4      0         0      
       stkdepth_vars.obj              0      0         4      
       mpu_init.obj                   2      0         0      
       startup.obj                    2      0         0      
    +--+------------------------------+------+---------+---------+
       Total:                         1160   0         24     
                                                              
       Stack:                         0      0         100    
       Linker Generated:              0      53        0      
    +--+------------------------------+------+---------+---------+
       Grand Total:                   1348   673       4128   


LINKER GENERATED COPY TABLES

__TI_cinit_table @ 000007d8 records: 2, size/record: 8, table size: 16
	.data: load addr=000007b0, load size=00000011 bytes, run addr=20001004, run size=0000001c bytes, compression=lzss
	.bss: load addr=000007d0, load size=00000008 bytes, run addr=20000000, run size=00000fa0 bytes, compression=zero_init


LINKER GENERATED HANDLER TABLE

__TI_handler_table @ 000007c4 records: 3, size/record: 4, table size: 12
	index: 0, handler: __TI_decompress_lzss
	index: 1, handler: __TI_decompress_none
	index: 2, handler: __TI_zero_init


GLOBAL SYMBOLS: SORTED ALPHABETICALLY BY Name 

address   name                           
-------   ----                           
000006b9  C$$EXIT                        
0000079f  ResetISR                       
UNDEFED   SHT$$INIT_ARRAY$$Base          
UNDEFED   SHT$$INIT_ARRAY$$Limit         
20001004  __STACK_END                    
00000064  __STACK_SIZE                   
200011a0  __STACK_TOP                    
000007d8  __TI_CINIT_Base                
000007e8  __TI_CINIT_Limit               
000007c4  __TI_Handler_Table_Base        
000007d0  __TI_Handler_Table_Limit       
0000058d  __TI_auto_init                 
20001004  __TI_cleanup_ptr               
000005fd  __TI_decompress_lzss           
00000785  __TI_decompress_none           
20001008  __TI_dtors_ptr                 
2000100c  __TI_enable_exit_profile_output
ffffffff  __TI_pprof_out_hndl            
ffffffff  __TI_prof_data_size            
ffffffff  __TI_prof_data_start           
00000000  __TI_static_base__             
00000793  __TI_zero_init                 
00000511  __aeabi_memclr                 
00000511  __aeabi_memclr4                
00000511  __aeabi_memclr8                
00000475  __aeabi_memcpy                 
00000475  __aeabi_memcpy4                
00000475  __aeabi_memcpy8                
00000513  __aeabi_memset                 
00000513  __aeabi_memset4                
00000513  __aeabi_memset8                
ffffffff  __binit__                      
ffffffff  __c_args__                     
0000058b  __mpu_init                     
20000fa0  __stack                        
00000759  _args_main                     
00000665  _c_int00                       
20001010  _lock                          
0000077f  _nop                           
00000777  _register_lock                 
00000771  _register_unlock               
000007af  _system_post_cinit             
000007ab  _system_pre_init               
20001014  _unlock                        
000006bd  abort                          
ffffffff  binit                          
0000070d  copy_in                        
0000026d  cosf                           
000006c5  exit                           
20000000  gSeriesData                    
00000000  g_pfnVectors                   
2000101c  i32DataCount                   
00000321  main                           
20001018  main_func_sp                   
00000475  memcpy                         
00000519  memset                         
000003d1  sinf                           


GLOBAL SYMBOLS: SORTED BY Symbol Address 

address   name                           
-------   ----                           
00000000  __TI_static_base__             
00000000  g_pfnVectors                   
00000064  __STACK_SIZE                   
0000026d  cosf                           
00000321  main                           
000003d1  sinf                           
00000475  __aeabi_memcpy                 
00000475  __aeabi_memcpy4                
00000475  __aeabi_memcpy8                
00000475  memcpy                         
00000511  __aeabi_memclr                 
00000511  __aeabi_memclr4                
00000511  __aeabi_memclr8                
00000513  __aeabi_memset                 
00000513  __aeabi_memset4                
00000513  __aeabi_memset8                
00000519  memset                         
0000058b  __mpu_init                     
0000058d  __TI_auto_init                 
000005fd  __TI_decompress_lzss           
00000665  _c_int00                       
000006b9  C$$EXIT                        
000006bd  abort                          
000006c5  exit                           
0000070d  copy_in                        
00000759  _args_main                     
00000771  _register_unlock               
00000777  _register_lock                 
0000077f  _nop                           
00000785  __TI_decompress_none           
00000793  __TI_zero_init                 
0000079f  ResetISR                       
000007ab  _system_pre_init               
000007af  _system_post_cinit             
000007c4  __TI_Handler_Table_Base        
000007d0  __TI_Handler_Table_Limit       
000007d8  __TI_CINIT_Base                
000007e8  __TI_CINIT_Limit               
20000000  gSeriesData                    
20000fa0  __stack                        
20001004  __STACK_END                    
20001004  __TI_cleanup_ptr               
20001008  __TI_dtors_ptr                 
2000100c  __TI_enable_exit_profile_output
20001010  _lock                          
20001014  _unlock                        
20001018  main_func_sp                   
2000101c  i32DataCount                   
200011a0  __STACK_TOP                    
ffffffff  __TI_pprof_out_hndl            
ffffffff  __TI_prof_data_size            
ffffffff  __TI_prof_data_start           
ffffffff  __binit__                      
ffffffff  __c_args__                     
ffffffff  binit                          
UNDEFED   SHT$$INIT_ARRAY$$Base          
UNDEFED   SHT$$INIT_ARRAY$$Limit         

[57 symbols]
